Archive member included to satisfy reference by file (symbol)

d:/abdo summer/c language/amit learning/avr/bin/../lib/gcc/avr/7.3.0/avr5\libgcc.a(_udivmodsi4.o)
                              MTIMER_program.o (__udivmodsi4)
d:/abdo summer/c language/amit learning/avr/bin/../lib/gcc/avr/7.3.0/avr5\libgcc.a(_exit.o)
                              d:/abdo summer/c language/amit learning/avr/bin/../lib/gcc/avr/7.3.0/../../../../avr/lib/avr5/crtatmega32.o (exit)
d:/abdo summer/c language/amit learning/avr/bin/../lib/gcc/avr/7.3.0/avr5\libgcc.a(_copy_data.o)
                              main.o (__do_copy_data)
d:/abdo summer/c language/amit learning/avr/bin/../lib/gcc/avr/7.3.0/avr5\libgcc.a(_clear_bss.o)
                              main.o (__do_clear_bss)
d:/abdo summer/c language/amit learning/avr/bin/../lib/gcc/avr/7.3.0/avr5\libgcc.a(_umulhisi3.o)
                              MTIMER_program.o (__umulhisi3)
d:/abdo summer/c language/amit learning/avr/bin/../lib/gcc/avr/7.3.0/../../../../avr/lib/avr5\libc.a(memcpy.o)
                              queue.o (memcpy)

Allocating common symbols
Common symbol       size              file

voltage             0x2               main.o
text                0x14              main.o
temprature          0x2               main.o

Memory Configuration

Name             Origin             Length             Attributes
text             0x00000000         0x00020000         xr
data             0x00800060         0x0000ffa0         rw !x
eeprom           0x00810000         0x00010000         rw !x
fuse             0x00820000         0x00000002         rw !x
lock             0x00830000         0x00000400         rw !x
signature        0x00840000         0x00000400         rw !x
user_signatures  0x00850000         0x00000400         rw !x
*default*        0x00000000         0xffffffff

Linker script and memory map

LOAD d:/abdo summer/c language/amit learning/avr/bin/../lib/gcc/avr/7.3.0/../../../../avr/lib/avr5/crtatmega32.o
LOAD main.o
LOAD MDIO_program.o
LOAD MEXTI_program.o
LOAD MADC_program.o
LOAD MTIMER_program.o
LOAD MUART_program.o
LOAD INEEPROM_program.o
LOAD MSPI_program.o
LOAD MTWI_program.o
LOAD HLED_program.o
LOAD HPBUTT_program.o
LOAD HSEV_SEG_program.o
LOAD HLCD_program.o
LOAD HKPD_program.o
LOAD HEEP_program.o
LOAD STTS_program.o
LOAD croutine.o
LOAD event_groups.o
LOAD heap_1.o
LOAD list.o
LOAD queue.o
LOAD stream_buffer.o
LOAD tasks.o
LOAD timers.o
LOAD port.o
START GROUP
LOAD d:/abdo summer/c language/amit learning/avr/bin/../lib/gcc/avr/7.3.0/avr5\libgcc.a
LOAD d:/abdo summer/c language/amit learning/avr/bin/../lib/gcc/avr/7.3.0/../../../../avr/lib/avr5\libm.a
LOAD d:/abdo summer/c language/amit learning/avr/bin/../lib/gcc/avr/7.3.0/../../../../avr/lib/avr5\libc.a
LOAD d:/abdo summer/c language/amit learning/avr/bin/../lib/gcc/avr/7.3.0/../../../../avr/lib/avr5\libatmega32.a
END GROUP
                0x00020000                __TEXT_REGION_LENGTH__ = DEFINED (__TEXT_REGION_LENGTH__)?__TEXT_REGION_LENGTH__:0x20000
                0x0000ffa0                __DATA_REGION_LENGTH__ = DEFINED (__DATA_REGION_LENGTH__)?__DATA_REGION_LENGTH__:0xffa0
                0x00010000                __EEPROM_REGION_LENGTH__ = DEFINED (__EEPROM_REGION_LENGTH__)?__EEPROM_REGION_LENGTH__:0x10000
                [0x00000002]                __FUSE_REGION_LENGTH__ = DEFINED (__FUSE_REGION_LENGTH__)?__FUSE_REGION_LENGTH__:0x400
                0x00000400                __LOCK_REGION_LENGTH__ = DEFINED (__LOCK_REGION_LENGTH__)?__LOCK_REGION_LENGTH__:0x400
                0x00000400                __SIGNATURE_REGION_LENGTH__ = DEFINED (__SIGNATURE_REGION_LENGTH__)?__SIGNATURE_REGION_LENGTH__:0x400
                0x00000400                __USER_SIGNATURE_REGION_LENGTH__ = DEFINED (__USER_SIGNATURE_REGION_LENGTH__)?__USER_SIGNATURE_REGION_LENGTH__:0x400
                0x00800060                __DATA_REGION_ORIGIN__ = DEFINED (__DATA_REGION_ORIGIN__)?__DATA_REGION_ORIGIN__:0x800060

.hash
 *(.hash)

.dynsym
 *(.dynsym)

.dynstr
 *(.dynstr)

.gnu.version
 *(.gnu.version)

.gnu.version_d
 *(.gnu.version_d)

.gnu.version_r
 *(.gnu.version_r)

.rel.init
 *(.rel.init)

.rela.init
 *(.rela.init)

.rel.text
 *(.rel.text)
 *(.rel.text.*)
 *(.rel.gnu.linkonce.t*)

.rela.text
 *(.rela.text)
 *(.rela.text.*)
 *(.rela.gnu.linkonce.t*)

.rel.fini
 *(.rel.fini)

.rela.fini
 *(.rela.fini)

.rel.rodata
 *(.rel.rodata)
 *(.rel.rodata.*)
 *(.rel.gnu.linkonce.r*)

.rela.rodata
 *(.rela.rodata)
 *(.rela.rodata.*)
 *(.rela.gnu.linkonce.r*)

.rel.data
 *(.rel.data)
 *(.rel.data.*)
 *(.rel.gnu.linkonce.d*)

.rela.data
 *(.rela.data)
 *(.rela.data.*)
 *(.rela.gnu.linkonce.d*)

.rel.ctors
 *(.rel.ctors)

.rela.ctors
 *(.rela.ctors)

.rel.dtors
 *(.rel.dtors)

.rela.dtors
 *(.rela.dtors)

.rel.got
 *(.rel.got)

.rela.got
 *(.rela.got)

.rel.bss
 *(.rel.bss)

.rela.bss
 *(.rela.bss)

.rel.plt
 *(.rel.plt)

.rela.plt
 *(.rela.plt)

.text           0x00000000     0x51f2
 *(.vectors)
 .vectors       0x00000000       0x54 d:/abdo summer/c language/amit learning/avr/bin/../lib/gcc/avr/7.3.0/../../../../avr/lib/avr5/crtatmega32.o
                0x00000000                __vector_default
                0x00000000                __vectors
 *(.vectors)
 *(.progmem.gcc*)
                0x00000054                . = ALIGN (0x2)
                0x00000054                __trampolines_start = .
 *(.trampolines)
 .trampolines   0x00000054        0x0 linker stubs
 *(.trampolines*)
                0x00000054                __trampolines_end = .
 *libprintf_flt.a:*(.progmem.data)
 *libc.a:*(.progmem.data)
 *(.progmem*)
                0x00000054                . = ALIGN (0x2)
 *(.jumptables)
 *(.jumptables*)
 *(.lowtext)
 *(.lowtext*)
                0x00000054                __ctors_start = .
 *(.ctors)
                0x00000054                __ctors_end = .
                0x00000054                __dtors_start = .
 *(.dtors)
                0x00000054                __dtors_end = .
 SORT(*)(.ctors)
 SORT(*)(.dtors)
 *(.init0)
 .init0         0x00000054        0x0 d:/abdo summer/c language/amit learning/avr/bin/../lib/gcc/avr/7.3.0/../../../../avr/lib/avr5/crtatmega32.o
                0x00000054                __init
 *(.init0)
 *(.init1)
 *(.init1)
 *(.init2)
 .init2         0x00000054        0xc d:/abdo summer/c language/amit learning/avr/bin/../lib/gcc/avr/7.3.0/../../../../avr/lib/avr5/crtatmega32.o
 *(.init2)
 *(.init3)
 *(.init3)
 *(.init4)
 .init4         0x00000060       0x16 d:/abdo summer/c language/amit learning/avr/bin/../lib/gcc/avr/7.3.0/avr5\libgcc.a(_copy_data.o)
                0x00000060                __do_copy_data
 .init4         0x00000076       0x10 d:/abdo summer/c language/amit learning/avr/bin/../lib/gcc/avr/7.3.0/avr5\libgcc.a(_clear_bss.o)
                0x00000076                __do_clear_bss
 *(.init4)
 *(.init5)
 *(.init5)
 *(.init6)
 *(.init6)
 *(.init7)
 *(.init7)
 *(.init8)
 *(.init8)
 *(.init9)
 .init9         0x00000086        0x8 d:/abdo summer/c language/amit learning/avr/bin/../lib/gcc/avr/7.3.0/../../../../avr/lib/avr5/crtatmega32.o
 *(.init9)
 *(.text)
 .text          0x0000008e        0x4 d:/abdo summer/c language/amit learning/avr/bin/../lib/gcc/avr/7.3.0/../../../../avr/lib/avr5/crtatmega32.o
                0x0000008e                __vector_12
                0x0000008e                __bad_interrupt
                0x0000008e                __vector_6
                0x0000008e                __vector_11
                0x0000008e                __vector_13
                0x0000008e                __vector_17
                0x0000008e                __vector_19
                0x0000008e                __vector_5
                0x0000008e                __vector_4
                0x0000008e                __vector_9
                0x0000008e                __vector_15
                0x0000008e                __vector_8
                0x0000008e                __vector_14
                0x0000008e                __vector_16
                0x0000008e                __vector_18
                0x0000008e                __vector_20
 .text          0x00000092      0x378 main.o
                0x00000092                get_last_user_saved_in_memory
                0x000000ea                get_temprature
                0x00000152                display_action_happened
                0x000002e8                filter
                0x00000308                display_recvByte
                0x00000328                dimming_lamp_inc
                0x00000398                dimming_lamp_dec
                0x000003e2                OpenDoor
                0x000003f6                CloseDoor
 .text          0x0000040a       0xe6 MDIO_program.o
                0x0000040a                mdio_setPinStatus
                0x00000472                mdio_setPinValue
                0x000004b0                mdio_togglePinValue
                0x000004ca                mdio_getPinValue
 .text          0x000004f0      0x194 MEXTI_program.o
                0x000004f0                mexti_enableExternalInterrupt
                0x00000510                mexti_disableExternalInterrupt
                0x00000530                mexti_attachISR
                0x0000058e                __vector_1
                0x000005e0                __vector_2
                0x00000632                __vector_3
 .text          0x00000684       0x44 MADC_program.o
                0x00000684                madc_init
                0x0000069e                madc_singleConversion
 .text          0x000006c8      0x320 MTIMER_program.o
                0x000006d6                mtimer_init
                0x0000071c                mtimer_delayMs_synchronous
                0x00000768                mtimer_delayMs_asynchronous
                0x000007c6                mtimer_runPWM_signal
                0x000007d8                mtimer_startPWM_signal
                0x0000080a                mtimer_stopPWM_signal
                0x00000832                mtimer_getSignal_duty_and_freq
                0x0000091e                __vector_10
                0x000009ce                GenerateDesierdFrequency
 .text          0x000009e8       0x44 MUART_program.o
                0x000009e8                muart_init
                0x000009f8                muart_sendByte
                0x00000a06                muart_recvByte
                0x00000a12                muart_sendStream
 .text          0x00000a2c       0x26 INEEPROM_program.o
                0x00000a2c                ineeprom_write
                0x00000a3c                ineeprom_read
 .text          0x00000a52       0x56 MSPI_program.o
                0x00000a52                mspi_init
                0x00000a7c                mspi_masterSendRecv_byte
                0x00000a8a                mspi_slaveSendRecv_byte
 .text          0x00000aa8       0x70 MTWI_program.o
                0x00000aa8                mtwi_init
                0x00000ab4                mtwi_start
                0x00000ada                mtwi_stop
                0x00000ae6                mtwi_masterSend
                0x00000af4                mtwi_masterRecv_ACK
                0x00000b06                mtwi_masterRecv_NACK
 .text          0x00000b18       0x8a HLED_program.o
                0x00000b18                hled_init
                0x00000b3c                hled_ledValueON
                0x00000b60                hled_ledValueOFF
                0x00000b84                hled_toggleLedValue
 .text          0x00000ba2       0x44 HPBUTT_program.o
                0x00000ba2                hpbutt_init
                0x00000bc6                hpbutt_getStatus
 .text          0x00000be6       0xc4 HSEV_SEG_program.o
                0x00000be6                hsev_seg_init
                0x00000c30                hsev_seg_enable
                0x00000c4a                hsev_seg_disable
                0x00000c64                hsev_seg_displayNumber
 .text          0x00000caa      0x31e HLCD_program.o
                0x00000e3e                hlcd_init
                0x00000f00                hlcd_displayCharacter
                0x00000f04                hlcd_displayString
                0x00000f1c                hlcd_displayPosition
                0x00000f24                clear
 .text          0x00000fc8      0x3d0 HKPD_program.o
                0x00000fc8                hkpd_init
                0x00001018                hkpd_getPressedButton
                0x00001344                hkpd_get_int_of_Button
 .text          0x00001398      0x172 HEEP_program.o
                0x00001398                heeprom_init
                0x0000139c                heeprom_writeByte
                0x000013e4                heeprom_writeDataStream
                0x00001446                heeprom_readByte
                0x00001496                heeprom_readDataStream
 .text          0x0000150a       0x44 STTS_program.o
                0x0000150a                stts_init
                0x0000151c                stts_run
                0x0000153e                stts_addTask
 .text          0x0000154e        0x0 croutine.o
 .text          0x0000154e      0x484 event_groups.o
                0x0000154e                xEventGroupCreate
                0x00001578                xEventGroupWaitBits
                0x000016d8                xEventGroupClearBits
                0x00001712                xEventGroupGetBitsFromISR
                0x0000171e                xEventGroupSetBits
                0x0000181c                xEventGroupSync
                0x0000199a                vEventGroupDelete
                0x000019ca                vEventGroupSetBitsCallback
                0x000019ce                vEventGroupClearBitsCallback
 .text          0x000019d2       0x8e heap_1.o
                0x000019d2                pvPortMalloc
                0x00001a42                vPortFree
                0x00001a44                vPortInitialiseBlocks
                0x00001a4e                xPortGetFreeHeapSize
 .text          0x00001a60      0x138 list.o
                0x00001a60                vListInitialise
                0x00001a82                vListInitialiseItem
                0x00001a8a                vListInsertEnd
                0x00001aca                vListInsert
                0x00001b50                uxListRemove
 .text          0x00001b98      0x888 queue.o
                0x00001cf2                xQueueGenericReset
                0x00001d7e                xQueueGenericCreate
                0x00001dce                xQueueGenericSend
                0x00001f0c                xQueueGenericSendFromISR
                0x00001f6c                xQueueGiveFromISR
                0x00001fb4                xQueueReceive
                0x000020ee                xQueueSemaphoreTake
                0x00002210                xQueuePeek
                0x0000234a                xQueueReceiveFromISR
                0x000023aa                xQueuePeekFromISR
                0x000023d8                uxQueueMessagesWaiting
                0x000023e8                uxQueueSpacesAvailable
                0x000023fc                uxQueueMessagesWaitingFromISR
                0x00002402                vQueueDelete
                0x00002406                xQueueIsQueueEmptyFromISR
                0x00002412                xQueueIsQueueFullFromISR
 .text          0x00002420      0x84c stream_buffer.o
                0x00002674                xStreamBufferGenericCreate
                0x000026d8                vStreamBufferDelete
                0x000026ec                xStreamBufferReset
                0x00002732                xStreamBufferSetTriggerLevel
                0x00002754                xStreamBufferSpacesAvailable
                0x00002788                xStreamBufferBytesAvailable
                0x0000278c                xStreamBufferSend
                0x00002920                xStreamBufferSendFromISR
                0x000029ac                xStreamBufferReceive
                0x00002ab0                xStreamBufferNextMessageLengthBytes
                0x00002afe                xStreamBufferReceiveFromISR
                0x00002b88                xStreamBufferIsEmpty
                0x00002b9e                xStreamBufferIsFull
                0x00002bc8                xStreamBufferSendCompletedFromISR
                0x00002c1a                xStreamBufferReceiveCompletedFromISR
 .text          0x00002c6c     0x1a3a tasks.o
                0x00002e54                xTaskCreate
                0x000030aa                vTaskDelete
                0x00003162                vTaskResume
                0x00003230                xTaskResumeFromISR
                0x00003308                vTaskStartScheduler
                0x0000336c                vTaskEndScheduler
                0x00003376                vTaskSuspendAll
                0x00003382                xTaskGetTickCount
                0x0000339e                xTaskGetTickCountFromISR
                0x000033b0                uxTaskGetNumberOfTasks
                0x000033b6                pcTaskGetName
                0x000033c6                xTaskIncrementTick
                0x00003612                xTaskResumeAll
                0x000037c4                xTaskDelayUntil
                0x0000387c                vTaskDelay
                0x000038b8                xTaskCatchUpTicks
                0x000038fc                vTaskSwitchContext
                0x00003984                vTaskSuspend
                0x00003a2e                vTaskPlaceOnEventList
                0x00003a5c                vTaskPlaceOnUnorderedEventList
                0x00003af0                xTaskRemoveFromEventList
                0x00003c3a                vTaskRemoveFromUnorderedEventList
                0x00003d4c                vTaskSetTimeOutState
                0x00003d78                vTaskInternalSetTimeOutState
                0x00003d9a                xTaskCheckForTimeOut
                0x00003e3e                vTaskMissedYield
                0x00003e46                xTaskGetCurrentTaskHandle
                0x00003e50                uxTaskResetEventItemValue
                0x00003e92                ulTaskGenericNotifyTake
                0x00003f8c                xTaskGenericNotifyWait
                0x000040dc                xTaskGenericNotify
                0x000042aa                xTaskGenericNotifyFromISR
                0x000044c8                vTaskGenericNotifyGiveFromISR
                0x0000461e                xTaskGenericNotifyStateClear
                0x0000464a                ulTaskGenericNotifyValueClear
 .text          0x000046a6        0x0 timers.o
 .text          0x000046a6      0x2b4 port.o
                0x000046a6                pxPortInitialiseStack
                0x0000477e                xPortStartScheduler
                0x000047e8                vPortEndScheduler
                0x000047ea                vPortYield
                0x0000489c                vPortYieldFromTick
                0x00004954                __vector_7
 .text          0x0000495a        0x0 d:/abdo summer/c language/amit learning/avr/bin/../lib/gcc/avr/7.3.0/avr5\libgcc.a(_udivmodsi4.o)
 .text          0x0000495a        0x0 d:/abdo summer/c language/amit learning/avr/bin/../lib/gcc/avr/7.3.0/avr5\libgcc.a(_exit.o)
 .text          0x0000495a        0x0 d:/abdo summer/c language/amit learning/avr/bin/../lib/gcc/avr/7.3.0/avr5\libgcc.a(_copy_data.o)
 .text          0x0000495a        0x0 d:/abdo summer/c language/amit learning/avr/bin/../lib/gcc/avr/7.3.0/avr5\libgcc.a(_clear_bss.o)
 .text          0x0000495a        0x0 d:/abdo summer/c language/amit learning/avr/bin/../lib/gcc/avr/7.3.0/avr5\libgcc.a(_umulhisi3.o)
 .text          0x0000495a        0x0 d:/abdo summer/c language/amit learning/avr/bin/../lib/gcc/avr/7.3.0/../../../../avr/lib/avr5\libc.a(memcpy.o)
                0x0000495a                . = ALIGN (0x2)
 *(.text.*)
 .text.startup  0x0000495a      0x820 main.o
                0x0000495a                main
 .text.libgcc.mul
                0x0000517a        0x0 d:/abdo summer/c language/amit learning/avr/bin/../lib/gcc/avr/7.3.0/avr5\libgcc.a(_udivmodsi4.o)
 .text.libgcc.div
                0x0000517a       0x44 d:/abdo summer/c language/amit learning/avr/bin/../lib/gcc/avr/7.3.0/avr5\libgcc.a(_udivmodsi4.o)
                0x0000517a                __udivmodsi4
 .text.libgcc   0x000051be        0x0 d:/abdo summer/c language/amit learning/avr/bin/../lib/gcc/avr/7.3.0/avr5\libgcc.a(_udivmodsi4.o)
 .text.libgcc.prologue
                0x000051be        0x0 d:/abdo summer/c language/amit learning/avr/bin/../lib/gcc/avr/7.3.0/avr5\libgcc.a(_udivmodsi4.o)
 .text.libgcc.builtins
                0x000051be        0x0 d:/abdo summer/c language/amit learning/avr/bin/../lib/gcc/avr/7.3.0/avr5\libgcc.a(_udivmodsi4.o)
 .text.libgcc.fmul
                0x000051be        0x0 d:/abdo summer/c language/amit learning/avr/bin/../lib/gcc/avr/7.3.0/avr5\libgcc.a(_udivmodsi4.o)
 .text.libgcc.fixed
                0x000051be        0x0 d:/abdo summer/c language/amit learning/avr/bin/../lib/gcc/avr/7.3.0/avr5\libgcc.a(_udivmodsi4.o)
 .text.libgcc.mul
                0x000051be        0x0 d:/abdo summer/c language/amit learning/avr/bin/../lib/gcc/avr/7.3.0/avr5\libgcc.a(_exit.o)
 .text.libgcc.div
                0x000051be        0x0 d:/abdo summer/c language/amit learning/avr/bin/../lib/gcc/avr/7.3.0/avr5\libgcc.a(_exit.o)
 .text.libgcc   0x000051be        0x0 d:/abdo summer/c language/amit learning/avr/bin/../lib/gcc/avr/7.3.0/avr5\libgcc.a(_exit.o)
 .text.libgcc.prologue
                0x000051be        0x0 d:/abdo summer/c language/amit learning/avr/bin/../lib/gcc/avr/7.3.0/avr5\libgcc.a(_exit.o)
 .text.libgcc.builtins
                0x000051be        0x0 d:/abdo summer/c language/amit learning/avr/bin/../lib/gcc/avr/7.3.0/avr5\libgcc.a(_exit.o)
 .text.libgcc.fmul
                0x000051be        0x0 d:/abdo summer/c language/amit learning/avr/bin/../lib/gcc/avr/7.3.0/avr5\libgcc.a(_exit.o)
 .text.libgcc.fixed
                0x000051be        0x0 d:/abdo summer/c language/amit learning/avr/bin/../lib/gcc/avr/7.3.0/avr5\libgcc.a(_exit.o)
 .text.libgcc.mul
                0x000051be        0x0 d:/abdo summer/c language/amit learning/avr/bin/../lib/gcc/avr/7.3.0/avr5\libgcc.a(_copy_data.o)
 .text.libgcc.div
                0x000051be        0x0 d:/abdo summer/c language/amit learning/avr/bin/../lib/gcc/avr/7.3.0/avr5\libgcc.a(_copy_data.o)
 .text.libgcc   0x000051be        0x0 d:/abdo summer/c language/amit learning/avr/bin/../lib/gcc/avr/7.3.0/avr5\libgcc.a(_copy_data.o)
 .text.libgcc.prologue
                0x000051be        0x0 d:/abdo summer/c language/amit learning/avr/bin/../lib/gcc/avr/7.3.0/avr5\libgcc.a(_copy_data.o)
 .text.libgcc.builtins
                0x000051be        0x0 d:/abdo summer/c language/amit learning/avr/bin/../lib/gcc/avr/7.3.0/avr5\libgcc.a(_copy_data.o)
 .text.libgcc.fmul
                0x000051be        0x0 d:/abdo summer/c language/amit learning/avr/bin/../lib/gcc/avr/7.3.0/avr5\libgcc.a(_copy_data.o)
 .text.libgcc.fixed
                0x000051be        0x0 d:/abdo summer/c language/amit learning/avr/bin/../lib/gcc/avr/7.3.0/avr5\libgcc.a(_copy_data.o)
 .text.libgcc.mul
                0x000051be        0x0 d:/abdo summer/c language/amit learning/avr/bin/../lib/gcc/avr/7.3.0/avr5\libgcc.a(_clear_bss.o)
 .text.libgcc.div
                0x000051be        0x0 d:/abdo summer/c language/amit learning/avr/bin/../lib/gcc/avr/7.3.0/avr5\libgcc.a(_clear_bss.o)
 .text.libgcc   0x000051be        0x0 d:/abdo summer/c language/amit learning/avr/bin/../lib/gcc/avr/7.3.0/avr5\libgcc.a(_clear_bss.o)
 .text.libgcc.prologue
                0x000051be        0x0 d:/abdo summer/c language/amit learning/avr/bin/../lib/gcc/avr/7.3.0/avr5\libgcc.a(_clear_bss.o)
 .text.libgcc.builtins
                0x000051be        0x0 d:/abdo summer/c language/amit learning/avr/bin/../lib/gcc/avr/7.3.0/avr5\libgcc.a(_clear_bss.o)
 .text.libgcc.fmul
                0x000051be        0x0 d:/abdo summer/c language/amit learning/avr/bin/../lib/gcc/avr/7.3.0/avr5\libgcc.a(_clear_bss.o)
 .text.libgcc.fixed
                0x000051be        0x0 d:/abdo summer/c language/amit learning/avr/bin/../lib/gcc/avr/7.3.0/avr5\libgcc.a(_clear_bss.o)
 .text.libgcc.mul
                0x000051be       0x1e d:/abdo summer/c language/amit learning/avr/bin/../lib/gcc/avr/7.3.0/avr5\libgcc.a(_umulhisi3.o)
                0x000051be                __umulhisi3
 .text.libgcc.div
                0x000051dc        0x0 d:/abdo summer/c language/amit learning/avr/bin/../lib/gcc/avr/7.3.0/avr5\libgcc.a(_umulhisi3.o)
 .text.libgcc   0x000051dc        0x0 d:/abdo summer/c language/amit learning/avr/bin/../lib/gcc/avr/7.3.0/avr5\libgcc.a(_umulhisi3.o)
 .text.libgcc.prologue
                0x000051dc        0x0 d:/abdo summer/c language/amit learning/avr/bin/../lib/gcc/avr/7.3.0/avr5\libgcc.a(_umulhisi3.o)
 .text.libgcc.builtins
                0x000051dc        0x0 d:/abdo summer/c language/amit learning/avr/bin/../lib/gcc/avr/7.3.0/avr5\libgcc.a(_umulhisi3.o)
 .text.libgcc.fmul
                0x000051dc        0x0 d:/abdo summer/c language/amit learning/avr/bin/../lib/gcc/avr/7.3.0/avr5\libgcc.a(_umulhisi3.o)
 .text.libgcc.fixed
                0x000051dc        0x0 d:/abdo summer/c language/amit learning/avr/bin/../lib/gcc/avr/7.3.0/avr5\libgcc.a(_umulhisi3.o)
 .text.avr-libc
                0x000051dc       0x12 d:/abdo summer/c language/amit learning/avr/bin/../lib/gcc/avr/7.3.0/../../../../avr/lib/avr5\libc.a(memcpy.o)
                0x000051dc                memcpy
                0x000051ee                . = ALIGN (0x2)
 *(.fini9)
 .fini9         0x000051ee        0x0 d:/abdo summer/c language/amit learning/avr/bin/../lib/gcc/avr/7.3.0/avr5\libgcc.a(_exit.o)
                0x000051ee                _exit
                0x000051ee                exit
 *(.fini9)
 *(.fini8)
 *(.fini8)
 *(.fini7)
 *(.fini7)
 *(.fini6)
 *(.fini6)
 *(.fini5)
 *(.fini5)
 *(.fini4)
 *(.fini4)
 *(.fini3)
 *(.fini3)
 *(.fini2)
 *(.fini2)
 *(.fini1)
 *(.fini1)
 *(.fini0)
 .fini0         0x000051ee        0x4 d:/abdo summer/c language/amit learning/avr/bin/../lib/gcc/avr/7.3.0/avr5\libgcc.a(_exit.o)
 *(.fini0)
                0x000051f2                _etext = .

.data           0x00800060       0xf6 load address 0x000051f2
                0x00800060                PROVIDE (__data_start, .)
 *(.data)
 .data          0x00800060        0x0 d:/abdo summer/c language/amit learning/avr/bin/../lib/gcc/avr/7.3.0/../../../../avr/lib/avr5/crtatmega32.o
 .data          0x00800060        0x9 main.o
                0x00800060                flag2
                0x00800061                x
                0x00800062                flag
                0x00800063                Over_flow_to_close
                0x00800065                Over_flow_to_open
                0x00800067                frq50hz
 .data          0x00800069        0x0 MDIO_program.o
 .data          0x00800069        0x0 MEXTI_program.o
 .data          0x00800069        0x0 MADC_program.o
 .data          0x00800069        0x0 MTIMER_program.o
 .data          0x00800069        0x0 MUART_program.o
 .data          0x00800069        0x0 INEEPROM_program.o
 .data          0x00800069        0x0 MSPI_program.o
 .data          0x00800069        0x0 MTWI_program.o
 .data          0x00800069        0x0 HLED_program.o
 .data          0x00800069        0x0 HPBUTT_program.o
 .data          0x00800069        0x0 HSEV_SEG_program.o
 .data          0x00800069        0x0 HLCD_program.o
 .data          0x00800069        0x0 HKPD_program.o
 .data          0x00800069        0x0 HEEP_program.o
 .data          0x00800069        0x0 STTS_program.o
 .data          0x00800069        0x0 croutine.o
 .data          0x00800069        0x0 event_groups.o
 .data          0x00800069        0x0 heap_1.o
 .data          0x00800069        0x0 list.o
 .data          0x00800069        0x0 queue.o
 .data          0x00800069        0x0 stream_buffer.o
 .data          0x00800069        0x1 tasks.o
                0x00800069                uxTopUsedPriority
 .data          0x0080006a        0x0 timers.o
 .data          0x0080006a        0x0 port.o
 .data          0x0080006a        0x0 d:/abdo summer/c language/amit learning/avr/bin/../lib/gcc/avr/7.3.0/avr5\libgcc.a(_udivmodsi4.o)
 .data          0x0080006a        0x0 d:/abdo summer/c language/amit learning/avr/bin/../lib/gcc/avr/7.3.0/avr5\libgcc.a(_exit.o)
 .data          0x0080006a        0x0 d:/abdo summer/c language/amit learning/avr/bin/../lib/gcc/avr/7.3.0/avr5\libgcc.a(_copy_data.o)
 .data          0x0080006a        0x0 d:/abdo summer/c language/amit learning/avr/bin/../lib/gcc/avr/7.3.0/avr5\libgcc.a(_clear_bss.o)
 .data          0x0080006a        0x0 d:/abdo summer/c language/amit learning/avr/bin/../lib/gcc/avr/7.3.0/avr5\libgcc.a(_umulhisi3.o)
 .data          0x0080006a        0x0 d:/abdo summer/c language/amit learning/avr/bin/../lib/gcc/avr/7.3.0/../../../../avr/lib/avr5\libc.a(memcpy.o)
 *(.data*)
 *(.gnu.linkonce.d*)
 *(.rodata)
 .rodata        0x0080006a       0x18 MDIO_program.o
 *(.rodata*)
 .rodata.str1.1
                0x00800082       0xcf main.o
 .rodata.str1.1
                0x00800151        0x5 tasks.o
 *(.gnu.linkonce.r*)
                0x00800156                . = ALIGN (0x2)
                0x00800156                _edata = .
                0x00800156                PROVIDE (__data_end, .)

.bss            0x00800156      0x6a8
                0x00800156                PROVIDE (__bss_start, .)
 *(.bss)
 .bss           0x00800156        0x0 d:/abdo summer/c language/amit learning/avr/bin/../lib/gcc/avr/7.3.0/../../../../avr/lib/avr5/crtatmega32.o
 .bss           0x00800156        0xc main.o
                0x00800156                loc
                0x00800158                action
                0x0080015e                display_loop
                0x0080015f                n
                0x00800160                duty_cycle
 .bss           0x00800162        0x0 MDIO_program.o
 .bss           0x00800162        0x6 MEXTI_program.o
 .bss           0x00800168        0x0 MADC_program.o
 .bss           0x00800168        0xe MTIMER_program.o
 .bss           0x00800176        0x0 MUART_program.o
 .bss           0x00800176        0x0 INEEPROM_program.o
 .bss           0x00800176        0x1 MSPI_program.o
 .bss           0x00800177        0x0 MTWI_program.o
 .bss           0x00800177        0x0 HLED_program.o
 .bss           0x00800177        0x0 HPBUTT_program.o
 .bss           0x00800177        0x0 HSEV_SEG_program.o
 .bss           0x00800177        0x0 HLCD_program.o
 .bss           0x00800177        0x0 HKPD_program.o
 .bss           0x00800177        0x0 HEEP_program.o
 .bss           0x00800177        0x5 STTS_program.o
 .bss           0x0080017c        0x0 croutine.o
 .bss           0x0080017c        0x0 event_groups.o
 .bss           0x0080017c      0x5e0 heap_1.o
 .bss           0x0080075c        0x0 list.o
 .bss           0x0080075c        0x0 queue.o
 .bss           0x0080075c        0x0 stream_buffer.o
 .bss           0x0080075c       0x8a tasks.o
                0x0080075c                pxCurrentTCB
 .bss           0x008007e6        0x0 timers.o
 .bss           0x008007e6        0x0 port.o
 .bss           0x008007e6        0x0 d:/abdo summer/c language/amit learning/avr/bin/../lib/gcc/avr/7.3.0/avr5\libgcc.a(_udivmodsi4.o)
 .bss           0x008007e6        0x0 d:/abdo summer/c language/amit learning/avr/bin/../lib/gcc/avr/7.3.0/avr5\libgcc.a(_exit.o)
 .bss           0x008007e6        0x0 d:/abdo summer/c language/amit learning/avr/bin/../lib/gcc/avr/7.3.0/avr5\libgcc.a(_copy_data.o)
 .bss           0x008007e6        0x0 d:/abdo summer/c language/amit learning/avr/bin/../lib/gcc/avr/7.3.0/avr5\libgcc.a(_clear_bss.o)
 .bss           0x008007e6        0x0 d:/abdo summer/c language/amit learning/avr/bin/../lib/gcc/avr/7.3.0/avr5\libgcc.a(_umulhisi3.o)
 .bss           0x008007e6        0x0 d:/abdo summer/c language/amit learning/avr/bin/../lib/gcc/avr/7.3.0/../../../../avr/lib/avr5\libc.a(memcpy.o)
 *(.bss*)
 *(COMMON)
 COMMON         0x008007e6       0x18 main.o
                0x008007e6                voltage
                0x008007e8                text
                0x008007fc                temprature
                0x008007fe                PROVIDE (__bss_end, .)
                0x000051f2                __data_load_start = LOADADDR (.data)
                0x000052e8                __data_load_end = (__data_load_start + SIZEOF (.data))

.noinit         0x008007fe        0x0
                [!provide]                PROVIDE (__noinit_start, .)
 *(.noinit*)
                [!provide]                PROVIDE (__noinit_end, .)
                0x008007fe                _end = .
                [!provide]                PROVIDE (__heap_start, .)

.eeprom         0x00810000        0x0
 *(.eeprom*)
                0x00810000                __eeprom_end = .

.fuse
 *(.fuse)
 *(.lfuse)
 *(.hfuse)
 *(.efuse)

.lock
 *(.lock*)

.signature
 *(.signature*)

.user_signatures
 *(.user_signatures*)

.stab
 *(.stab)

.stabstr
 *(.stabstr)

.stab.excl
 *(.stab.excl)

.stab.exclstr
 *(.stab.exclstr)

.stab.index
 *(.stab.index)

.stab.indexstr
 *(.stab.indexstr)

.comment        0x00000000       0x11
 *(.comment)
 .comment       0x00000000       0x11 main.o
                                 0x12 (size before relaxing)
 .comment       0x00000011       0x12 MDIO_program.o
 .comment       0x00000011       0x12 MEXTI_program.o
 .comment       0x00000011       0x12 MADC_program.o
 .comment       0x00000011       0x12 MTIMER_program.o
 .comment       0x00000011       0x12 MUART_program.o
 .comment       0x00000011       0x12 INEEPROM_program.o
 .comment       0x00000011       0x12 MSPI_program.o
 .comment       0x00000011       0x12 MTWI_program.o
 .comment       0x00000011       0x12 HLED_program.o
 .comment       0x00000011       0x12 HPBUTT_program.o
 .comment       0x00000011       0x12 HSEV_SEG_program.o
 .comment       0x00000011       0x12 HLCD_program.o
 .comment       0x00000011       0x12 HKPD_program.o
 .comment       0x00000011       0x12 HEEP_program.o
 .comment       0x00000011       0x12 STTS_program.o
 .comment       0x00000011       0x12 croutine.o
 .comment       0x00000011       0x12 event_groups.o
 .comment       0x00000011       0x12 heap_1.o
 .comment       0x00000011       0x12 list.o
 .comment       0x00000011       0x12 queue.o
 .comment       0x00000011       0x12 stream_buffer.o
 .comment       0x00000011       0x12 tasks.o
 .comment       0x00000011       0x12 timers.o
 .comment       0x00000011       0x12 port.o

.note.gnu.avr.deviceinfo
                0x00000000       0x3c
 .note.gnu.avr.deviceinfo
                0x00000000       0x3c d:/abdo summer/c language/amit learning/avr/bin/../lib/gcc/avr/7.3.0/../../../../avr/lib/avr5/crtatmega32.o

.note.gnu.build-id
 *(.note.gnu.build-id)

.debug
 *(.debug)

.line
 *(.line)

.debug_srcinfo
 *(.debug_srcinfo)

.debug_sfnames
 *(.debug_sfnames)

.debug_aranges  0x00000000       0xa0
 *(.debug_aranges)
 .debug_aranges
                0x00000000       0x20 d:/abdo summer/c language/amit learning/avr/bin/../lib/gcc/avr/7.3.0/avr5\libgcc.a(_udivmodsi4.o)
 .debug_aranges
                0x00000020       0x20 d:/abdo summer/c language/amit learning/avr/bin/../lib/gcc/avr/7.3.0/avr5\libgcc.a(_exit.o)
 .debug_aranges
                0x00000040       0x20 d:/abdo summer/c language/amit learning/avr/bin/../lib/gcc/avr/7.3.0/avr5\libgcc.a(_copy_data.o)
 .debug_aranges
                0x00000060       0x20 d:/abdo summer/c language/amit learning/avr/bin/../lib/gcc/avr/7.3.0/avr5\libgcc.a(_clear_bss.o)
 .debug_aranges
                0x00000080       0x20 d:/abdo summer/c language/amit learning/avr/bin/../lib/gcc/avr/7.3.0/avr5\libgcc.a(_umulhisi3.o)

.debug_pubnames
 *(.debug_pubnames)

.debug_info     0x00000000      0x88d
 *(.debug_info .gnu.linkonce.wi.*)
 .debug_info    0x00000000      0x4e6 d:/abdo summer/c language/amit learning/avr/bin/../lib/gcc/avr/7.3.0/../../../../avr/lib/avr5/crtatmega32.o
 .debug_info    0x000004e6       0xbb d:/abdo summer/c language/amit learning/avr/bin/../lib/gcc/avr/7.3.0/avr5\libgcc.a(_udivmodsi4.o)
 .debug_info    0x000005a1       0xbb d:/abdo summer/c language/amit learning/avr/bin/../lib/gcc/avr/7.3.0/avr5\libgcc.a(_exit.o)
 .debug_info    0x0000065c       0xbb d:/abdo summer/c language/amit learning/avr/bin/../lib/gcc/avr/7.3.0/avr5\libgcc.a(_copy_data.o)
 .debug_info    0x00000717       0xbb d:/abdo summer/c language/amit learning/avr/bin/../lib/gcc/avr/7.3.0/avr5\libgcc.a(_clear_bss.o)
 .debug_info    0x000007d2       0xbb d:/abdo summer/c language/amit learning/avr/bin/../lib/gcc/avr/7.3.0/avr5\libgcc.a(_umulhisi3.o)

.debug_abbrev   0x00000000      0x507
 *(.debug_abbrev)
 .debug_abbrev  0x00000000      0x4a3 d:/abdo summer/c language/amit learning/avr/bin/../lib/gcc/avr/7.3.0/../../../../avr/lib/avr5/crtatmega32.o
 .debug_abbrev  0x000004a3       0x14 d:/abdo summer/c language/amit learning/avr/bin/../lib/gcc/avr/7.3.0/avr5\libgcc.a(_udivmodsi4.o)
 .debug_abbrev  0x000004b7       0x14 d:/abdo summer/c language/amit learning/avr/bin/../lib/gcc/avr/7.3.0/avr5\libgcc.a(_exit.o)
 .debug_abbrev  0x000004cb       0x14 d:/abdo summer/c language/amit learning/avr/bin/../lib/gcc/avr/7.3.0/avr5\libgcc.a(_copy_data.o)
 .debug_abbrev  0x000004df       0x14 d:/abdo summer/c language/amit learning/avr/bin/../lib/gcc/avr/7.3.0/avr5\libgcc.a(_clear_bss.o)
 .debug_abbrev  0x000004f3       0x14 d:/abdo summer/c language/amit learning/avr/bin/../lib/gcc/avr/7.3.0/avr5\libgcc.a(_umulhisi3.o)

.debug_line     0x00000000      0x36c
 *(.debug_line .debug_line.* .debug_line_end)
 .debug_line    0x00000000       0x1a d:/abdo summer/c language/amit learning/avr/bin/../lib/gcc/avr/7.3.0/../../../../avr/lib/avr5/crtatmega32.o
 .debug_line    0x0000001a      0x122 d:/abdo summer/c language/amit learning/avr/bin/../lib/gcc/avr/7.3.0/avr5\libgcc.a(_udivmodsi4.o)
 .debug_line    0x0000013c       0x62 d:/abdo summer/c language/amit learning/avr/bin/../lib/gcc/avr/7.3.0/avr5\libgcc.a(_exit.o)
 .debug_line    0x0000019e       0x98 d:/abdo summer/c language/amit learning/avr/bin/../lib/gcc/avr/7.3.0/avr5\libgcc.a(_copy_data.o)
 .debug_line    0x00000236       0x86 d:/abdo summer/c language/amit learning/avr/bin/../lib/gcc/avr/7.3.0/avr5\libgcc.a(_clear_bss.o)
 .debug_line    0x000002bc       0xb0 d:/abdo summer/c language/amit learning/avr/bin/../lib/gcc/avr/7.3.0/avr5\libgcc.a(_umulhisi3.o)

.debug_frame
 *(.debug_frame)

.debug_str      0x00000000      0x196
 *(.debug_str)
 .debug_str     0x00000000      0x196 d:/abdo summer/c language/amit learning/avr/bin/../lib/gcc/avr/7.3.0/../../../../avr/lib/avr5/crtatmega32.o

.debug_loc
 *(.debug_loc)

.debug_macinfo
 *(.debug_macinfo)

.debug_weaknames
 *(.debug_weaknames)

.debug_funcnames
 *(.debug_funcnames)

.debug_typenames
 *(.debug_typenames)

.debug_varnames
 *(.debug_varnames)

.debug_pubtypes
 *(.debug_pubtypes)

.debug_ranges
 *(.debug_ranges)

.debug_macro
 *(.debug_macro)
OUTPUT(main.elf elf32-avr)
LOAD linker stubs
